This is XeTeX, Version 3.141592653-2.6-0.999993 (TeX Live 2022/dev/Debian) (preloaded format=xelatex)
 restricted \write18 enabled.
entering extended mode
(./main.tex
LaTeX2e <2021-11-15> patch level 1
L3 programming layer <2022-01-21> (./covers/load_env.tex
(/usr/share/texlive/texmf-dist/tex/latex/base/book.cls
Document Class: book 2021/10/04 v1.4n Standard LaTeX document class
(/usr/share/texlive/texmf-dist/tex/latex/base/bk12.clo))
(/usr/share/texlive/texmf-dist/tex/latex/geometry/geometry.sty
(/usr/share/texlive/texmf-dist/tex/latex/graphics/keyval.sty)
(/usr/share/texlive/texmf-dist/tex/generic/iftex/ifvtex.sty
(/usr/share/texlive/texmf-dist/tex/generic/iftex/iftex.sty)))
(/usr/share/texlive/texmf-dist/tex/latex/fontspec/fontspec.sty
(/usr/share/texlive/texmf-dist/tex/latex/l3packages/xparse/xparse.sty
(/usr/share/texlive/texmf-dist/tex/latex/l3kernel/expl3.sty
(/usr/share/texlive/texmf-dist/tex/latex/l3backend/l3backend-xetex.def
(|extractbb --version))))
(/usr/share/texlive/texmf-dist/tex/latex/fontspec/fontspec-xetex.sty
(/usr/share/texlive/texmf-dist/tex/latex/base/fontenc.sty)
(/usr/share/texlive/texmf-dist/tex/latex/fontspec/fontspec.cfg)))
(/usr/share/texlive/texmf-dist/tex/xelatex/xecjk/xeCJK.sty
(/usr/share/texlive/texmf-dist/tex/latex/ctex/ctexhook.sty)
(/usr/share/texlive/texmf-dist/tex/latex/l3packages/l3keys2e/l3keys2e.sty)
(/usr/share/texlive/texmf-dist/tex/latex/l3packages/xtemplate/xtemplate.sty)
(/usr/share/texlive/texmf-dist/tex/xelatex/xecjk/xeCJK.cfg))
(/usr/share/texlive/texmf-dist/tex/latex/ctex/ctex.sty
(/usr/share/texlive/texmf-dist/tex/latex/ctex/ctexpatch.sty)
(/usr/share/texlive/texmf-dist/tex/latex/base/fix-cm.sty
(/usr/share/texlive/texmf-dist/tex/latex/base/ts1enc.def))
(/usr/share/texlive/texmf-dist/tex/latex/ctex/config/ctexopts.cfg)
(/usr/share/texlive/texmf-dist/tex/latex/ctex/engine/ctex-engine-xetex.def)
(/usr/share/texlive/texmf-dist/tex/latex/zhnumber/zhnumber.sty
(/usr/share/texlive/texmf-dist/tex/latex/zhnumber/zhnumber-utf8.cfg))
(/usr/share/texlive/texmf-dist/tex/latex/ctex/scheme/ctex-scheme-plain.def))
(/usr/share/texlive/texmf-dist/tex/latex/ctex/config/ctex.cfg)
(/usr/share/texmf/tex/latex/CJK/CJKnumb.sty)
(/usr/share/texlive/texmf-dist/tex/latex/caption/subcaption.sty
(/usr/share/texlive/texmf-dist/tex/latex/caption/caption.sty
(/usr/share/texlive/texmf-dist/tex/latex/caption/caption3.sty)))
(/usr/share/texlive/texmf-dist/tex/latex/tools/indentfirst.sty)
(/usr/share/texlive/texmf-dist/tex/latex/tools/array.sty)
(/usr/share/texlive/texmf-dist/tex/latex/multirow/multirow.sty)
(/usr/share/texlive/texmf-dist/tex/latex/amscls/amsthm.sty)
(/usr/share/texlive/texmf-dist/tex/latex/amsmath/amsmath.sty
For additional information on amsmath, use the `?' option.
(/usr/share/texlive/texmf-dist/tex/latex/amsmath/amstext.sty
(/usr/share/texlive/texmf-dist/tex/latex/amsmath/amsgen.sty))
(/usr/share/texlive/texmf-dist/tex/latex/amsmath/amsbsy.sty)
(/usr/share/texlive/texmf-dist/tex/latex/amsmath/amsopn.sty))
(/usr/share/texlive/texmf-dist/tex/latex/amsfonts/amsfonts.sty)
(/usr/share/texlive/texmf-dist/tex/latex/amsfonts/amssymb.sty)
(/usr/share/texlive/texmf-dist/tex/latex/graphics/graphicx.sty
(/usr/share/texlive/texmf-dist/tex/latex/graphics/graphics.sty
(/usr/share/texlive/texmf-dist/tex/latex/graphics/trig.sty)
(/usr/share/texlive/texmf-dist/tex/latex/graphics-cfg/graphics.cfg)
(/usr/share/texlive/texmf-dist/tex/latex/graphics-def/xetex.def)))
(/usr/share/texlive/texmf-dist/tex/latex/setspace/setspace.sty)
(/usr/share/texlive/texmf-dist/tex/latex/preprint/balance.sty)
(/usr/share/texlive/texmf-dist/tex/latex/base/textcomp.sty)
(/usr/share/texlive/texmf-dist/tex/latex/graphics/color.sty
(/usr/share/texlive/texmf-dist/tex/latex/graphics-cfg/color.cfg))
(/usr/share/texlive/texmf-dist/tex/latex/easylist/easylist.sty)
(/usr/share/texlive/texmf-dist/tex/latex/changepage/changepage.sty)
(/usr/share/texlive/texmf-dist/tex/latex/algorithms/algorithm.sty
(/usr/share/texlive/texmf-dist/tex/latex/float/float.sty)
(/usr/share/texlive/texmf-dist/tex/latex/base/ifthen.sty))
(/usr/share/texlive/texmf-dist/tex/latex/algorithmicx/algpseudocode.sty
(/usr/share/texlive/texmf-dist/tex/latex/algorithmicx/algorithmicx.sty
Document Style algorithmicx 1.2 - a greatly improved `algorithmic' style
)
Document Style - pseudocode environments for use with the `algorithmicx' style
) (/usr/share/texlive/texmf-dist/tex/latex/graphics/epsfig.sty)
(/usr/share/texlive/texmf-dist/tex/latex/tools/verbatim.sty)
(/usr/share/texlive/texmf-dist/tex/latex/eqparbox/eqparbox.sty
(/usr/share/texlive/texmf-dist/tex/latex/environ/environ.sty
(/usr/share/texlive/texmf-dist/tex/latex/trimspaces/trimspaces.sty)))
(/usr/share/texlive/texmf-dist/tex/latex/chngcntr/chngcntr.sty)
(/usr/share/texlive/texmf-dist/tex/latex/listings/listings.sty
(/usr/share/texlive/texmf-dist/tex/latex/listings/lstmisc.sty)
(/usr/share/texlive/texmf-dist/tex/latex/listings/listings.cfg))
(/usr/share/texlive/texmf-dist/tex/xelatex/xecjk/xeCJK-listings.sty)
(/usr/share/texlive/texmf-dist/tex/latex/fancyhdr/fancyhdr.sty)
(/usr/share/texlive/texmf-dist/tex/latex/pdfpages/pdfpages.sty
(/usr/share/texlive/texmf-dist/tex/latex/tools/calc.sty)
(/usr/share/texlive/texmf-dist/tex/latex/eso-pic/eso-pic.sty)
(/usr/share/texlive/texmf-dist/tex/latex/pdfpages/ppxetex.def))
(/usr/share/texlive/texmf-dist/tex/latex/titlesec/titlesec.sty)
(/usr/share/texlive/texmf-dist/tex/latex/titlesec/titletoc.sty)
(/usr/share/texlive/texmf-dist/tex/latex/etoolbox/etoolbox.sty)
(/usr/share/texlive/texmf-dist/tex/latex/adjustbox/adjustbox.sty
(/usr/share/texlive/texmf-dist/tex/latex/xkeyval/xkeyval.sty
(/usr/share/texlive/texmf-dist/tex/generic/xkeyval/xkeyval.tex
(/usr/share/texlive/texmf-dist/tex/generic/xkeyval/xkvutils.tex)))
(/usr/share/texlive/texmf-dist/tex/latex/adjustbox/adjcalc.sty)
(/usr/share/texlive/texmf-dist/tex/latex/adjustbox/trimclip.sty
(/usr/share/texlive/texmf-dist/tex/latex/collectbox/collectbox.sty)
(/usr/share/texlive/texmf-dist/tex/latex/adjustbox/tc-xetex.def))
(/usr/share/texlive/texmf-dist/tex/latex/ifoddpage/ifoddpage.sty)
(/usr/share/texlive/texmf-dist/tex/latex/varwidth/varwidth.sty))
(/usr/share/texlive/texmf-dist/tex/generic/xstring/xstring.sty
(/usr/share/texlive/texmf-dist/tex/generic/xstring/xstring.tex))
(/usr/share/texlive/texmf-dist/tex/latex/anyfontsize/anyfontsize.sty)
(/usr/share/texlive/texmf-dist/tex/latex/booktabs/booktabs.sty)
(/usr/share/texlive/texmf-dist/tex/latex/tools/tabularx.sty)) (./main.aux)
*geometry* driver: auto-detecting
*geometry* detected driver: xetex
(/usr/share/texlive/texmf-dist/tex/latex/pdflscape/pdflscape.sty
(/usr/share/texlive/texmf-dist/tex/latex/graphics/lscape.sty)
(/usr/share/texlive/texmf-dist/tex/latex/base/atbegshi-ltx.sty))
(./covers/front_var.tex
(/usr/share/texlive/texmf-dist/tex/latex/amsfonts/umsa.fd)
(/usr/share/texlive/texmf-dist/tex/latex/amsfonts/umsb.fd) [1])
(./covers/inside_var.tex [1]) (./Sections/0.1.Acknowledgement.tex) [1]
(./covers/toc_var.tex (./Sections/0.2.Abstract_chinese.tex [1]) [2]
(./Sections/0.3.Abstract.tex
Overfull \hbox (16.24962pt too wide) in paragraph at lines 42--43
[]\TU/TimesNewRoman(0)/m/n/12 For electromagnetic simulations, the open-source 
MEEP package based on the Finite-Difference

Overfull \hbox (14.17091pt too wide) in paragraph at lines 42--43
\TU/TimesNewRoman(0)/m/n/12 Time-Domain (FDTD) method is employed to analyze th
e propagation characteristics of transverse-
[3])
Overfull \hbox (0.36453pt too wide) in paragraph at lines 52--86
[]\TU/TimesNewRoman(0)/b/n/12 Keywords: Factorization Machine, Silicon Photonic
s, Waveguide, Inverse Design, Sim-
[4] (./main.toc [5] [6] [7]) [8] (./main.lof [9] [10] [11] [12]) [13]
(./main.lot) [14]) (./Sections/1.Introduction_Motivation.tex
Chapter 1.
[1] [2]
Overfull \hbox (10.62209pt too wide) in paragraph at lines 100--105
\TU/TimesNewRoman(0)/m/n/12 pling, GU)\TU/TW-Kai(0)/m/n/12 、|  二 維 傅 立 葉 編 碼 \T
U/TimesNewRoman(0)/m/n/12 (2D Fourier Basis Encoding) \TU/TW-Kai(0)/m/n/12 以 及 
$\OML/cmm/m/it/12 ^^L$\TU/TimesNewRoman(0)/m/n/12 -\TU/TW-Kai(0)/m/n/12 變 分 自 編
 碼 器 \TU/TimesNewRoman(0)/m/n/12 ($\OML/cmm/m/it/12 ^^L$\TU/TimesNewRoman(0)/m/
n/12 -Variational
[3]) [4] (./Sections/2.Relatedwork.tex
Chapter 2.
[5]

Package xeCJK Warning: Unknown CJK family `\CJKsfdefault' is being ignored.
(xeCJK)                
(xeCJK)                Try to use `\setCJKsansfont[...]{...}' to define it.

[6] [7] [8] [9] [10] [11]) (./Sections/3.Theory.tex
Chapter 3.
[12] [13] [14] [15] [16] [17] [18] [19] [20] [21] [22] [23] [24] [25] [26]
[27] [28] [29] [30] [31] [32] [33] [34] [35] [36] [37]
Overfull \hbox (13.63089pt too wide) in paragraph at lines 653--654
[]\TU/TW-Kai(0)/m/n/12 為 了 具 體 說 明 如 何 應 用 公 式[]來 控 制 設 計 區 域 的 最 小 特 徵 尺 寸，|  
我 將 會 在 第 \TU/TimesNewRoman(0)/m/n/12 4.2.1[]\TU/TW-Kai(0)/m/n/12 節
[38] [39] [40] [41] [42] [43] [44] [45] [46] [47]) [48]
(./Sections/4.Method_Result.tex
Chapter 4.

Overfull \hbox (22.29872pt too wide) in paragraph at lines 4--4
|[]\TU/TimesNewRoman(0)/b/n/17.28 Factorization Machine with Annealing Optimiza
tion Frame-
[49] [50] [51] [52] [53] [54] [55] [56] [57] [58] [59] [60] [61] [62] [63]
[64] [65] [66] [67] [68] [69] [70] [71] [72] [73] [74] [75] [76] [77] [78]
[79] [80]
Overfull \hbox (47.57813pt too wide) in paragraph at lines 728--736
[]\TU/TW-Kai(0)/m/n/12 接 著，|  觀 察 最 佳 化 過 程 中 的 最 佳 \TU/TimesNewRoman(0)/m/n/12
 FoM \TU/TW-Kai(0)/m/n/12 變 化 如 圖 \TU/TimesNewRoman(0)/m/n/12 45[]\TU/TW-Kai(0)
/m/n/12 與 圖 \TU/TimesNewRoman(0)/m/n/12 46[]\TU/TW-Kai(0)/m/n/12 所 示，|  相 較 於 \
TU/TimesNewRoman(0)/m/n/12 Design 1(\TU/TW-Kai(0)/m/n/12 第 \TU/TimesNewRoman(0)
/m/n/12 4.4.2.1[]\TU/TW-Kai(0)/m/n/12 節\TU/TimesNewRoman(0)/m/n/12 )\TU/TW-Kai(
0)/m/n/12 ，|
[81] [82] [83] [84] [85] [86] [87] [88] [89] [90] [91] [92] [93] [94] [95]
[96] [97] [98] [99] [100] [101] [102] [103] [104] [105] [106] [107] [108]
[109] [110] [111] [112] [113] [114] [115] [116] [117]) [118]
(./Sections/5.Conclusion_and_FutureWork.tex
Chapter 5.

Overfull \hbox (4.01929pt too wide) in paragraph at lines 7--16
\TU/TimesNewRoman(0)/m/n/12 (FM) \TU/TW-Kai(0)/m/n/12 與 \TU/TimesNewRoman(0)/m/
n/12 Simulated Annealing (SA) \TU/TW-Kai(0)/m/n/12 的 \TU/TimesNewRoman(0)/m/n/1
2 Factorization Machine with Simulated Annealing (FMSA)

Overfull \hbox (14.68114pt too wide) in paragraph at lines 7--16
\TU/TW-Kai(0)/m/n/12 最 佳 化 架 構，|  並 進 一 步 導 入 \TU/TimesNewRoman(0)/m/n/12 Gauss
ian Upsampling\TU/TW-Kai(0)/m/n/12 、| \TU/TimesNewRoman(0)/m/n/12 2D Fourier Ba
sis Encoding \TU/TW-Kai(0)/m/n/12 與 $\OML/cmm/m/it/12 ^^L$\TU/TimesNewRoman(0)/
m/n/12 -Variational
[119] [120] [121])
Overfull \hbox (4.6326pt too wide) in paragraph at lines 149--147
[]\TU/TW-Kai(0)/m/n/12 最 後，|  本 研 究 目 前 主 要 以 二 維 \TU/TimesNewRoman(0)/m/n/12 F
DTD \TU/TW-Kai(0)/m/n/12 模 擬 驗 證 所 提 出 之 方 法。|  未 來 可 進 一 步 將 \TU/TimesNewRoman
(0)/m/n/12 FMSA
[122] (./main.bbl [123] [124] [125] [126]) [127] (./main.aux) )
(see the transcript file for additional information)
Output written on main.pdf (144 pages).
Transcript written on main.log.
